[root@ip-10-10-11-88 ec2-user]# mysql -u admin -p -h  db-udatcity-01-rep.ceirgrbduclp.us-west-2.rds.amazonaws.com
Enter password:
Welcome to the MySQL monitor.  Commands end with ; or \g.
Your MySQL connection id is 16
Server version: 5.7.41 Source distribution

Copyright (c) 2000, 2023, Oracle and/or its affiliates.

Oracle is a registered trademark of Oracle Corporation and/or its
affiliates. Other names may be trademarks of their respective
owners.

Type 'help;' or '\h' for help. Type '\c' to clear the current input statement.

mysql> show databases;
+--------------------+
| Database           |
+--------------------+
| information_schema |
| innodb             |
| mysql              |
| performance_schema |
| sys                |
| udacity            |
+--------------------+
6 rows in set (0.00 sec)

mysql> switch udacity;
ERROR 1064 (42000): You have an error in your SQL syntax; check the manual that corresponds to your MySQL server version for the right syntax to use near 'switch        udacity' at line 1
mysql> use udacity;
Reading table information for completion of table and column names
You can turn off this feature to get a quicker startup with -A

Database changed
mysql> select * from Student;
+----+------------+------+-------+
| id | name       | age  | grade |
+----+------------+------+-------+
|  1 | John Doe   |   20 |  85.5 |
|  2 | Jane Smith |   21 |  92.3 |
|  3 | John Doe   |   20 |  85.5 |
|  4 | Jane Smith |   21 |  92.3 |
+----+------------+------+-------+
4 rows in set (0.00 sec)

mysql> INSERT INTO udacity.Student (name, age, grade)
    -> VALUES
    ->   ('Write from rep db', 10, 15.5);
ERROR 1290 (HY000): The MySQL server is running with the --read-only option so it cannot execute this statement
mysql>
